[www.semrush.com/blog/digital-content-creation/index57c0.html]
[backblue.gif]
[fade.gif]
[index.html]
[static.semrush.com/blog/uploads/media/f8/8c/f88c636f345152bb6f1a57e0a9cbbcd9/digital-content-creation-sm.png]
[www.semrush.com/blog/digital-content-creation/index.html]
[static.semrush.com/semblog-next-static/favicon/favicon-32x32.png]
[static.semrush.com/semblog-next-static/favicon/favicon-16x16.png]
[static.semrush.com/semblog-next-static/favicon/apple-touch-icon.png]
[static.semrush.com_443/blog/blog/591b4f60/_next/static/css/87f201554fb8552d.css]
[static.semrush.com_443/blog/blog/591b4f60/_next/static/chunks/polyfills-42372ed130431b0a.js]
[static.semrush.com/wte/js/exp.min.js]
[static.semrush.com_443/blog/blog/591b4f60/_next/static/chunks/2499.bcb962d02ee2c942.js]
[static.semrush.com_443/blog/blog/591b4f60/_next/static/chunks/1266.681ccf9c714b249b.js]
[static.semrush.com_443/blog/blog/591b4f60/_next/static/chunks/webpack-dea7d27201f046d4.js]
[static.semrush.com_443/blog/blog/591b4f60/_next/static/chunks/126-0b66169476f216d9.js]
[static.semrush.com_443/blog/blog/591b4f60/_next/static/chunks/2520-0a59bc5dee36a132.js]
[static.semrush.com_443/blog/blog/591b4f60/_next/static/chunks/main-d8856db9bdc17de5.js]
[static.semrush.com_443/blog/blog/591b4f60/_next/static/chunks/@semcore-2078bab4874cd78c.js]
[static.semrush.com_443/blog/blog/591b4f60/_next/static/chunks/lodash-883dc892beaff10c.js]
[static.semrush.com_443/blog/blog/591b4f60/_next/static/chunks/@flame-6e3baca8e813780b.js]
[static.semrush.com_443/blog/blog/591b4f60/_next/static/chunks/styled-components-16a87def795b2c08.js]
[static.semrush.com_443/blog/blog/591b4f60/_next/static/chunks/@reshadow-0864e89114eaf108.js]
[static.semrush.com_443/blog/blog/591b4f60/_next/static/chunks/4745-ad72be0d6e40086e.js]
[static.semrush.com_443/blog/blog/591b4f60/_next/static/chunks/7473-bb01b6f78a301c3d.js]
[static.semrush.com_443/blog/blog/591b4f60/_next/static/chunks/2953-152afc6f79bebd64.js]
[static.semrush.com_443/blog/blog/591b4f60/_next/static/chunks/6088-ea90d5d7f3b61c5b.js]
[static.semrush.com_443/blog/blog/591b4f60/_next/static/chunks/3234-b69401bc7df13044.js]
[static.semrush.com_443/blog/blog/591b4f60/_next/static/chunks/3929-ef60f20f9f7134c2.js]
[static.semrush.com_443/blog/blog/591b4f60/_next/static/chunks/1025-d78ad8a6ff8773ce.js]
[static.semrush.com_443/blog/blog/591b4f60/_next/static/chunks/pages/_app-e4b3ef57d2be2ac4.js]
[static.semrush.com_443/blog/blog/591b4f60/_next/static/chunks/shared-017397ff-d2d95c37b04f0bfb.js]
[static.semrush.com_443/blog/blog/591b4f60/_next/static/chunks/shared-d87c119a-2ed6c7181edb2f34.js]
[static.semrush.com_443/blog/blog/591b4f60/_next/static/chunks/458-cf971cfb248b65cc.js]
[static.semrush.com_443/blog/blog/591b4f60/_next/static/chunks/pages/[slug]-b358a3e15d8d8e8e.js]
[static.semrush.com_443/blog/blog/591b4f60/_next/static/semrush-blog/_buildManifest.js]
[static.semrush.com_443/blog/blog/591b4f60/_next/static/semrush-blog/_ssgManifest.js]
[static.semrush.com/blog/uploads/user/ae/37/ae37ea113cdb418af615dde97c6f8324/rachel-baker.jpg]
[static.semrush.com/blog/uploads/media/5d/48/5d4822ccc3742139be7794232ef1e89d/332a1a7697dc2eb9845c5e66ec22f57a/AD_4nXdS-OR7BWuSchrYwXL40PG3A_tstHnLdRyHHyS0bxBUJbs8R4TlPGHR82vOFjKZrriVloEq3sfhTDRITuuz_E-wmNeyN]
[static.semrush.com/blog/uploads/media/93/bb/93bbd943441fba0ca0fc3b55bd9191fc/b21ef92cb3796d43c52d98963e266c9e/AD_4nXfBoUQCV6wQw1sH-0SnpceSrNiNB_0Jag_BtX2QpFyQ1i9tEzymCdf2-DqcutI4B-BfO1d7N-NXUeJDo6Qw7UaemY3B5]
[static.semrush.com/blog/uploads/media/97/b9/97b93d9b4582f2755b5c058a3bab7300/ce980d3210e0a7c76c4a4c48f44bd839/AD_4nXeGuO4jJu4j4jOpEmM2p961Z6W4ZdloOHMGaoGQxvKS-vYR2QUOLwGnGtOaH1k4_F-2uWJBjhywxM4IufdxJhWxJaIiu]
[www.semrush.com/blog/digital-content-creation/index57c0.html]
[static.semrush.com/blog/uploads/media/8e/d6/8ed6af3695d9cc8fc72bbccdf9885cf1/fc3b51215bdc334fd0d357c7f1b51620/AD_4nXeSnf1CIkmfZyBTq0vkg6wpIdxFH9ZAR8GVzg6s_GqFmvjYMEWEBEhc7Mtifaheb4mJi2vm5AEmbidLcvYO4EcD5ZK3G]
[static.semrush.com/blog/uploads/media/5e/4e/5e4e21fdcb1ef033b9035948f1f99e2f/2a2267bee6a21a3113a4a2dbffb6ceff/AD_4nXf0VKMmKFqCJk8e9eUBaVVlvcfD6FdfpUPYgL1t6r2P0SSSZHU20ko7z8L1tWKFMMaUGIBkxD6hDq1oiP5ApWMlYocwI]
[www.semrush.com/blog/digital-content-creation/index.html]
[static.semrush.com/blog/uploads/media/d1/68/d16860e29cdcc631bd76c815e673c4cf/c97a096a90e6ef6bcea079ac6810bb9d/AD_4nXd1lMwCH7cXET2qbxpFsewhYeSjN5yMoobzphEQCTpJF7xLb-ojlTZd1y92NGQsyUqOHwCJokXCqIJWLz6MyzIsV-WoE]
[static.semrush.com/blog/uploads/media/58/2c/582c06631ea8a787355b6f4d36076c8e/0a43e3949ae08eb85a3ebefda0e1c405/AD_4nXeI93_bl-nPVRd8Z8APsVWIlTk9QfdXREnGc_Juse4YzWiHCE2jt3xa-joJR1H8ky-4_SqI-rYL8xeX8DzM3lO3awaqW]
[static.semrush.com_443/blog/blog/591b4f60/_next/static/css/87f201554fb8552d.css]
[static.semrush.com/blog/uploads/media/10/c8/10c8cde259e1af656745d91b8b7852e3/fdbc66b43698386f66df0a10b0b8e4c8/AD_4nXf99t8g3PYKH2y21qZvEW-wXw8kkH4NKJQ1cVXSab0CNpi8fvCet25h-_9ug14zlL8oS2N5GHCyqCGM7PqxCW23_am6b]
[static.semrush.com/blog/uploads/media/f3/d5/f3d593a0eb3056050040dc69f0fd969c/0976aaa8d06c39d6a7c34ea55a172a65/AD_4nXf7aoNHP-ciUEbSVaJXgT0cC6tL_Ke7hcsNyolWuL9KwxxEdvZnovBBMgqTo6jckMJ54QDFK4-xRXFOSx_Q1ZjVqf91k]
[static.semrush.com/blog/uploads/media/c1/13/c11319c7bdd50e9969877214f9efe002/fca572bf434b03f614be4d81cbc18a56/AD_4nXdrnNz6QdJ3gi3r5qDego1QRS7Rc6lfUJ6VQOdujkMWI26MpInH0iRCFS8f5q6SLL9cx09XD8z36sjO9dADU08-G5F6-]
